\BOOKMARK [1][-]{section.1}{\376\377\225\356\230\230\116\016\176\323\213\272}{}% 1
\BOOKMARK [1][-]{section.2}{\376\377\227\000\211\201\213\244\213\306\166\204\133\371\214\141}{}% 2
\BOOKMARK [2][-]{subsection.2.1}{\376\377\137\122\116\000\123\026\127\006\124\150\155\113\136\246\116\016\127\006\124\150\136\163\127\107}{section.2}% 3
\BOOKMARK [2][-]{subsection.2.2}{\376\377\000P\000o\000i\000s\000s\000o\000n\000\040\150\070\116\016\000\040\000P\000o\000i\000s\000s\000o\000n\000\040\121\154\137\017}{section.2}% 4
\BOOKMARK [2][-]{subsection.2.3}{\376\377\133\306\136\246\176\331\121\372\166\204\155\113\136\246}{section.2}% 5
\BOOKMARK [2][-]{subsection.2.4}{\376\377\147\011\226\120\155\113\136\246\166\204\137\061\146\037\145\066\145\133}{section.2}% 6
\BOOKMARK [1][-]{section.3}{\376\377\213\301\146\016\215\357\176\277\126\376}{}% 7
\BOOKMARK [1][-]{section.4}{\376\377\173\054\116\000\153\145\377\032\142\212\121\375\145\160\124\021\121\205\145\066\177\051}{}% 8
\BOOKMARK [1][-]{section.5}{\376\377\173\054\116\214\153\145\377\032\147\204\220\040\126\372\133\232\127\006\124\150\116\012\166\204\217\271\165\114\155\113\136\246}{}% 9
\BOOKMARK [1][-]{section.6}{\376\377\173\054\116\011\153\145\377\032\133\371\145\066\177\051\121\375\145\160\117\177\165\050\000\040\000P\000o\000i\000s\000s\000o\000n\000\040\121\154\137\017}{}% 10
\BOOKMARK [1][-]{section.7}{\376\377\173\054\126\333\153\145\377\032\165\050\137\061\146\037\175\047\201\364\140\047\137\227\122\060\217\271\165\114\155\113\136\246}{}% 11
\BOOKMARK [1][-]{section.8}{\376\377\173\054\116\224\153\145\377\032\126\372\133\232\150\070\220\032\217\307\137\061\146\037\147\201\226\120}{}% 12
\BOOKMARK [2][-]{subsection.8.1}{\376\377\116\072\116\300\116\110\116\015\200\375\166\364\143\245\155\113\213\325\123\237\131\313\000\040\000P\000o\000i\000s\000s\000o\000n\000\040\150\070}{section.8}% 13
\BOOKMARK [2][-]{subsection.8.2}{\376\377\147\204\220\040\147\011\165\114\217\336\176\355\146\377\116\343\121\375\145\160}{section.8}% 14
\BOOKMARK [2][-]{subsection.8.3}{\376\377\116\044\217\271\123\326\147\201\226\120}{section.8}% 15
\BOOKMARK [1][-]{section.9}{\376\377\173\054\121\155\153\145\377\032\123\315\145\271\124\021}{}% 16
\BOOKMARK [1][-]{section.10}{\376\377\116\016\000\040\000G\000a\000r\000n\000e\000t\000t\000\040\123\237\123\302\145\160\123\026\166\204\153\324\217\203}{}% 17
\BOOKMARK [1][-]{section.11}{\376\377\137\142\137\017\123\026\213\301\146\016\166\204\152\041\127\127\122\006\211\343}{}% 18
\BOOKMARK [1][-]{section.12}{\376\377\213\301\146\016\117\235\215\126\121\163\174\373\140\073\176\323}{}% 19
\BOOKMARK [1][-]{section*.2}{\376\377\123\302\200\003}{}% 20
